3DTryg.inc;https://adm.ct8.pl/cloud/Libs/3DTryg/3DTryg.inc
ADM.inc;https://adm.ct8.pl/cloud/Libs/ADM/ADM.inc
BitFunctions.inc;https://adm.ct8.pl/cloud/Libs/BitFunctions/BitFunctions.inc
DataConvert.inc;https://adm.ct8.pl/cloud/Libs/DataConvert/DataConvert.inc
EVF.inc;https://adm.ct8.pl/cloud/Libs/EVF/EVF.inc
ExtendedGrenade.inc;https://adm.ct8.pl/cloud/Libs/ExtendedGrenade/ExtendedGrenade.inc
FoxForeach.inc;https://adm.ct8.pl/cloud/Libs/FoxForeach/FoxForeach.inc
Graffiti.inc;https://adm.ct8.pl/cloud/Libs/Graffiti/Graffiti.inc
hashtag.inc;https://adm.ct8.pl/cloud/Libs/hashtag/hashtag.inc
Hunting.inc;https://adm.ct8.pl/cloud/Libs/Hunting/Hunting.inc
Hyperion.inc;https://adm.ct8.pl/cloud/Libs/Hyperion/Hyperion.inc
Knife.inc;https://adm.ct8.pl/cloud/Libs/Knife/Knife.inc
Legion.inc;https://adm.ct8.pl/cloud/Libs/Legion/Legion.inc
Logs.inc;https://adm.ct8.pl/cloud/Libs/Logs/Logs.inc
LY.inc;https://adm.ct8.pl/cloud/Libs/LY/LY.inc
Magic.inc;https://adm.ct8.pl/cloud/Libs/Magic/Magic.inc
MD5.inc;https://adm.ct8.pl/cloud/Libs/MD5/MD5.inc
mentiones.inc;https://adm.ct8.pl/cloud/Libs/mentiones/mentiones.inc
Mines.inc;https://adm.ct8.pl/cloud/Libs/Mines/Mines.inc
Missile.inc;https://adm.ct8.pl/cloud/Libs/Missile/Missile.inc
Missions.inc;https://adm.ct8.pl/cloud/Libs/Missions/Missions.inc
PortalGun.inc;https://adm.ct8.pl/cloud/Libs/PortalGun/PortalGun.inc
RGB.inc;https://adm.ct8.pl/cloud/Libs/RGB/RGB.inc
route_rand.inc;https://adm.ct8.pl/cloud/Libs/route_rand/route_rand.inc
route_rand.bin;https://adm.ct8.pl/cloud/Libs/route_rand/route_rand.bin
Santa.inc;https://adm.ct8.pl/cloud/Libs/Santa/Santa.inc
ObjectDist.inc;https://adm.ct8.pl/cloud/Libs/SAOI/ObjectDist.inc
SAOI.inc;https://adm.ct8.pl/cloud/Libs/SAOI/SAOI.inc
SAOI_Dump.inc;https://adm.ct8.pl/cloud/Libs/SAOI/SAOI_Dump.inc
saoi_fm.pwn;https://adm.ct8.pl/cloud/Libs/SAOI/filterscript/saoi_fm.pwn
SHA256.inc;https://adm.ct8.pl/cloud/Libs/SHA256/SHA256.inc
SOI.inc;https://adm.ct8.pl/cloud/Libs/SOI/SOI.inc
SpecialVehicle.inc;https://adm.ct8.pl/cloud/Libs/SpecialVehicle/SpecialVehicle.inc
Stingers.inc;https://adm.ct8.pl/cloud/Libs/Stingers/Stingers.inc
StreamerFunction.inc;https://adm.ct8.pl/cloud/Libs/StreamerFunction/StreamerFunction.inc
SWAP.inc;https://adm.ct8.pl/cloud/Libs/SWAP/SWAP.inc
UltimateScriptSecure.inc;https://adm.ct8.pl/cloud/Libs/UltimateScriptSecure/UltimateScriptSecure.inc
VehicleMissileCol.inc;https://adm.ct8.pl/cloud/Libs/VehicleMissileCol/VehicleMissileCol.inc
VehPara.inc;https://adm.ct8.pl/cloud/Libs/VehPara/VehPara.inc
vnpc.inc;https://adm.ct8.pl/cloud/Libs/vnpc/vnpc.inc
graffiti.bin;https://adm.ct8.pl/cloud/Libs/Graffiti/graffiti.bin
